error: expected verbatim
 --> tests/meta/as_verbatim/from_path.fail.rs:3:15
  |
3 | #[as_verbatim(foo)]
  |               ^^^
