error: expected verbatim
 --> tests/meta/as_verbatim/from_expr.fail.rs:3:15
  |
3 | #[as_verbatim("hello")]
  |               ^^^^^^^
