error: unrecognized attribute
 --> tests/node_attribute/number_type_node_unrecognized_attribute.fail.rs:3:25
  |
3 | #[node(number_type(u32, unrecognized = 42, le))]
  |                         ^^^^^^^^^^^^
